[    0.000000] Linux version 4.15.0-72-generic (buildd@lcy01-amd64-026) (gcc version 7.4.0 (Ubuntu 7.4.0-1ubuntu1~18.04.1)) #81-Ubuntu SMP Tue Nov 26 12:20:02 UTC 2019 (Ubuntu 4.15.0-72.81-generic 4.15.18)
[    0.000000] Command line: BOOT_IMAGE=/boot/vmlinuz-4.15.0-72-generic root=LABEL=cloudimg-rootfs ro console=tty1 console=ttyS0
[    0.000000] KERNEL supported cpus:
[    0.000000]   Intel GenuineIntel
[    0.000000]   AMD AuthenticAMD
[    0.000000]   Centaur CentaurHauls
[    0.000000] x86/fpu: Supporting XSAVE feature 0x001: 'x87 floating point registers'
[    0.000000] x86/fpu: Supporting XSAVE feature 0x002: 'SSE registers'
[    0.000000] x86/fpu: Supporting XSAVE feature 0x004: 'AVX registers'
[    0.000000] x86/fpu: xstate_offset[2]:  576, xstate_sizes[2]:  256
[    0.000000] x86/fpu: Enabled xstate features 0x7, context size is 832 bytes, using 'standard' format.
[    0.000000] e820: BIOS-provided physical RAM map:
[    0.000000] BIOS-e820: [mem 0x0000000000000000-0x000000000009fbff] usable
[    0.000000] BIOS-e820: [mem 0x000000000009fc00-0x000000000009ffff] reserved
[    0.000000] BIOS-e820: [mem 0x00000000000f0000-0x00000000000fffff] reserved
[    0.000000] BIOS-e820: [mem 0x0000000000100000-0x000000003ffeffff] usable
[    0.000000] BIOS-e820: [mem 0x000000003fff0000-0x000000003fffffff] ACPI data
[    0.000000] BIOS-e820: [mem 0x00000000fec00000-0x00000000fec00fff] reserved
[    0.000000] BIOS-e820: [mem 0x00000000fee00000-0x00000000fee00fff] reserved
[    0.000000] BIOS-e820: [mem 0x00000000fffc0000-0x00000000ffffffff] reserved
[    0.000000] NX (Execute Disable) protection: active
[    0.000000] SMBIOS 2.5 present.
[    0.000000] DMI: innotek GmbH VirtualBox/VirtualBox, BIOS VirtualBox 12/01/2006
[    0.000000] Hypervisor detected: KVM
[    0.000000] e820: last_pfn = 0x3fff0 max_arch_pfn = 0x400000000
[    0.000000] MTRR: Disabled
[    0.000000] x86/PAT: MTRRs disabled, skipping PAT initialization too.
[    0.000000] CPU MTRRs all blank - virtualized system.
[    0.000000] x86/PAT: Configuration [0-7]: WB  WT  UC- UC  WB  WT  UC- UC  
[    0.000000] found SMP MP-table at [mem 0x0009fff0-0x0009ffff]
[    0.000000] Scanning 1 areas for low memory corruption
[    0.000000] RAMDISK: [mem 0x35a71000-0x36d2ffff]
[    0.000000] ACPI: Early table checksum verification disabled
[    0.000000] ACPI: RSDP 0x00000000000E0000 000024 (v02 VBOX  )
[    0.000000] ACPI: XSDT 0x000000003FFF0030 00003C (v01 VBOX   VBOXXSDT 00000001 ASL  00000061)
[    0.000000] ACPI: FACP 0x000000003FFF00F0 0000F4 (v04 VBOX   VBOXFACP 00000001 ASL  00000061)
[    0.000000] ACPI: DSDT 0x000000003FFF0470 0022EA (v02 VBOX   VBOXBIOS 00000002 INTL 20100528)
[    0.000000] ACPI: FACS 0x000000003FFF0200 000040
[    0.000000] ACPI: FACS 0x000000003FFF0200 000040
[    0.000000] ACPI: APIC 0x000000003FFF0240 00005C (v02 VBOX   VBOXAPIC 00000001 ASL  00000061)
[    0.000000] ACPI: SSDT 0x000000003FFF02A0 0001CC (v01 VBOX   VBOXCPUT 00000002 INTL 20100528)
[    0.000000] No NUMA configuration found
[    0.000000] Faking a node at [mem 0x0000000000000000-0x000000003ffeffff]
[    0.000000] NODE_DATA(0) allocated [mem 0x3ffc5000-0x3ffeffff]
[    0.000000] kvm-clock: cpu 0, msr 0:3ff44001, primary cpu clock
[    0.000000] kvm-clock: Using msrs 4b564d01 and 4b564d00
[    0.000000] kvm-clock: using sched offset of 4346773846 cycles
[    0.000000] clocksource: kvm-clock: mask: 0xffffffffffffffff max_cycles: 0x1cd42e4dffb, max_idle_ns: 881590591483 ns
[    0.000000] Zone ranges:
[    0.000000]   DMA      [mem 0x0000000000001000-0x0000000000ffffff]
[    0.000000]   DMA32    [mem 0x0000000001000000-0x000000003ffeffff]
[    0.000000]   Normal   empty
[    0.000000]   Device   empty
[    0.000000] Movable zone start for each node
[    0.000000] Early memory node ranges
[    0.000000]   node   0: [mem 0x0000000000001000-0x000000000009efff]
[    0.000000]   node   0: [mem 0x0000000000100000-0x000000003ffeffff]
[    0.000000] Reserved but unavailable: 98 pages
[    0.000000] Initmem setup node 0 [mem 0x0000000000001000-0x000000003ffeffff]
[    0.000000] ACPI: PM-Timer IO Port: 0x4008
[    0.000000] IOAPIC[0]: apic_id 2, version 32, address 0xfec00000, GSI 0-23
[    0.000000] ACPI: INT_SRC_OVR (bus 0 bus_irq 0 global_irq 2 dfl dfl)
[    0.000000] ACPI: INT_SRC_OVR (bus 0 bus_irq 9 global_irq 9 low level)
[    0.000000] Using ACPI (MADT) for SMP configuration information
[    0.000000] smpboot: Allowing 2 CPUs, 0 hotplug CPUs
[    0.000000] PM: Registered nosave memory: [mem 0x00000000-0x00000fff]
[    0.000000] PM: Registered nosave memory: [mem 0x0009f000-0x0009ffff]
[    0.000000] PM: Registered nosave memory: [mem 0x000a0000-0x000effff]
[    0.000000] PM: Registered nosave memory: [mem 0x000f0000-0x000fffff]
[    0.000000] e820: [mem 0x40000000-0xfebfffff] available for PCI devices
[    0.000000] Booting paravirtualized kernel on KVM
[    0.000000] clocksource: refined-jiffies: mask: 0xffffffff max_cycles: 0xffffffff, max_idle_ns: 7645519600211568 ns
[    0.000000] random: get_random_bytes called from start_kernel+0x99/0x4fd with crng_init=0
[    0.000000] setup_percpu: NR_CPUS:8192 nr_cpumask_bits:2 nr_cpu_ids:2 nr_node_ids:1
[    0.000000] percpu: Embedded 45 pages/cpu s147456 r8192 d28672 u1048576
[    0.000000] PV qspinlock hash table entries: 256 (order: 0, 4096 bytes)
[    0.000000] Built 1 zonelists, mobility grouping on.  Total pages: 257913
[    0.000000] Policy zone: DMA32
[    0.000000] Kernel command line: BOOT_IMAGE=/boot/vmlinuz-4.15.0-72-generic root=LABEL=cloudimg-rootfs ro console=tty1 console=ttyS0
[    0.000000] Memory: 983400K/1048120K available (12300K kernel code, 2481K rwdata, 4264K rodata, 2428K init, 2388K bss, 64720K reserved, 0K cma-reserved)
[    0.000000] SLUB: HWalign=64, Order=0-3, MinObjects=0, CPUs=2, Nodes=1
[    0.000000] Kernel/User page tables isolation: enabled
[    0.000000] ftrace: allocating 39318 entries in 154 pages
[    0.004000] Hierarchical RCU implementation.
[    0.004000] 	RCU restricting CPUs from NR_CPUS=8192 to nr_cpu_ids=2.
[    0.004000] 	Tasks RCU enabled.
[    0.004000] RCU: Adjusting geometry for rcu_fanout_leaf=16, nr_cpu_ids=2
[    0.004000] NR_IRQS: 524544, nr_irqs: 440, preallocated irqs: 16
[    0.004000] Console: colour VGA+ 80x25
[    0.004000] console [tty1] enabled
[    0.004000] console [ttyS0] enabled
[    0.004000] ACPI: Core revision 20170831
[    0.004000] ACPI: 2 ACPI AML tables successfully acquired and loaded
[    0.004000] APIC: Switch to symmetric I/O mode setup
[    0.004000] x2apic enabled
[    0.004000] Switched APIC routing to physical x2apic.
[    0.004000] ..TIMER: vector=0x30 apic1=0 pin1=2 apic2=-1 pin2=-1
[    0.004004] tsc: Detected 2299.998 MHz processor
[    0.004994] Calibrating delay loop (skipped) preset value.. 4599.99 BogoMIPS (lpj=9199992)
[    0.008002] pid_max: default: 32768 minimum: 301
[    0.009031] Security Framework initialized
[    0.009930] Yama: becoming mindful.
[    0.010713] AppArmor: AppArmor initialized
[    0.013543] Dentry cache hash table entries: 131072 (order: 8, 1048576 bytes)
[    0.015096] Inode-cache hash table entries: 65536 (order: 7, 524288 bytes)
[    0.016016] Mount-cache hash table entries: 2048 (order: 2, 16384 bytes)
[    0.017395] Mountpoint-cache hash table entries: 2048 (order: 2, 16384 bytes)
[    0.020239] Last level iTLB entries: 4KB 1024, 2MB 1024, 4MB 1024
[    0.021494] Last level dTLB entries: 4KB 1024, 2MB 1024, 4MB 1024, 1GB 4
[    0.022903] Spectre V1 : Mitigation: usercopy/swapgs barriers and __user pointer sanitization
[    0.024003] Spectre V2 : Mitigation: Full generic retpoline
[    0.025205] Spectre V2 : Spectre v2 / SpectreRSB mitigation: Filling RSB on context switch
[    0.026977] Speculative Store Bypass: Vulnerable
[    0.028046] MDS: Vulnerable: Clear CPU buffers attempted, no microcode
[    0.029534] Freeing SMP alternatives memory: 36K
[    0.141397] smpboot: CPU0: Intel(R) Core(TM) i7-4650U CPU @ 1.70GHz (family: 0x6, model: 0x45, stepping: 0x1)
[    0.143652] Performance Events: unsupported p6 CPU model 69 no PMU driver, software events only.
[    0.144000] Hierarchical SRCU implementation.
[    0.144533] NMI watchdog: Perf event create on CPU 0 failed with -2
[    0.146011] NMI watchdog: Perf NMI watchdog permanently disabled
[    0.148084] smp: Bringing up secondary CPUs ...
[    0.152092] x86: Booting SMP configuration:
[    0.153054] .... node  #0, CPUs:      #1
[    0.004000] kvm-clock: cpu 1, msr 0:3ff44041, secondary cpu clock
[    0.156046] smp: Brought up 1 node, 2 CPUs
[    0.157501] smpboot: Max logical packages: 1
[    0.158600] smpboot: Total of 2 processors activated (9199.99 BogoMIPS)
[    0.160151] devtmpfs: initialized
[    0.160874] x86/mm: Memory block size: 128MB
[    0.161931] evm: security.selinux
[    0.164014] evm: security.SMACK64
[    0.164819] evm: security.SMACK64EXEC
[    0.165673] evm: security.SMACK64TRANSMUTE
[    0.166584] evm: security.SMACK64MMAP
[    0.167416] evm: security.apparmor
[    0.168004] evm: security.ima
[    0.168758] evm: security.capability
[    0.169589] clocksource: jiffies: mask: 0xffffffff max_cycles: 0xffffffff, max_idle_ns: 7645041785100000 ns
[    0.172009] futex hash table entries: 512 (order: 3, 32768 bytes)
[    0.174761] pinctrl core: initialized pinctrl subsystem
[    0.176146] RTC time:  9:10:52, date: 12/16/19
[    0.177326] NET: Registered protocol family 16
[    0.178353] audit: initializing netlink subsys (disabled)
[    0.180048] audit: type=2000 audit(1576487458.100:1): state=initialized audit_enabled=0 res=1
[    0.180174] cpuidle: using governor ladder
[    0.184021] cpuidle: using governor menu
[    0.184919] ACPI: bus type PCI registered
[    0.186369] acpiphp: ACPI Hot Plug PCI Controller Driver version: 0.5
[    0.188022] PCI: Using configuration type 1 for base access
[    0.189298] HugeTLB registered 2.00 MiB page size, pre-allocated 0 pages
[    0.192102] ACPI: Added _OSI(Module Device)
[    0.193644] ACPI: Added _OSI(Processor Device)
[    0.196005] ACPI: Added _OSI(3.0 _SCP Extensions)
[    0.197230] ACPI: Added _OSI(Processor Aggregator Device)
[    0.198742] ACPI: Added _OSI(Linux-Dell-Video)
[    0.200006] ACPI: Added _OSI(Linux-Lenovo-NV-HDMI-Audio)
[    0.201587] ACPI: Added _OSI(Linux-HPI-Hybrid-Graphics)
[    0.204215] ACPI: Executed 1 blocks of module-level executable AML code
[    0.208696] ACPI: Interpreter enabled
[    0.209540] ACPI: (supports S0 S5)
[    0.210311] ACPI: Using IOAPIC for interrupt routing
[    0.211582] PCI: Using host bridge windows from ACPI; if necessary, use "pci=nocrs" and report a bug
[    0.212287] ACPI: Enabled 2 GPEs in block 00 to 07
[    0.222769] ACPI: PCI Root Bridge [PCI0] (domain 0000 [bus 00-ff])
[    0.224010] acpi PNP0A03:00: _OSC: OS supports [ASPM ClockPM Segments MSI]
[    0.225880] acpi PNP0A03:00: _OSC: not requesting OS control; OS requires [ExtendedConfig ASPM ClockPM MSI]
[    0.228012] acpi PNP0A03:00: fail to add MMCONFIG information, can't access extended PCI configuration space under this bridge.
[    0.230890] PCI host bridge to bus 0000:00
[    0.232005] pci_bus 0000:00: root bus resource [io  0x0000-0x0cf7 window]
[    0.233494] pci_bus 0000:00: root bus resource [io  0x0d00-0xffff window]
[    0.236004] pci_bus 0000:00: root bus resource [mem 0x000a0000-0x000bffff window]
[    0.237945] pci_bus 0000:00: root bus resource [mem 0x40000000-0xfdffffff window]
[    0.239506] pci_bus 0000:00: root bus resource [bus 00-ff]
[    0.242926] pci 0000:00:01.1: legacy IDE quirk: reg 0x10: [io  0x01f0-0x01f7]
[    0.244003] pci 0000:00:01.1: legacy IDE quirk: reg 0x14: [io  0x03f6]
[    0.245367] pci 0000:00:01.1: legacy IDE quirk: reg 0x18: [io  0x0170-0x0177]
[    0.246837] pci 0000:00:01.1: legacy IDE quirk: reg 0x1c: [io  0x0376]
[    0.274016] pci 0000:00:07.0: quirk: [io  0x4000-0x403f] claimed by PIIX4 ACPI
[    0.275608] pci 0000:00:07.0: quirk: [io  0x4100-0x410f] claimed by PIIX4 SMB
[    0.286193] ACPI: PCI Interrupt Link [LNKA] (IRQs 5 9 10 *11)
[    0.287728] ACPI: PCI Interrupt Link [LNKB] (IRQs 5 9 *10 11)
[    0.288133] ACPI: PCI Interrupt Link [LNKC] (IRQs 5 *9 10 11)
[    0.289575] ACPI: PCI Interrupt Link [LNKD] (IRQs 5 9 10 *11)
[    0.292163] SCSI subsystem initialized
[    0.293050] pci 0000:00:02.0: vgaarb: setting as boot VGA device
[    0.293335] pci 0000:00:02.0: vgaarb: VGA device added: decodes=io+mem,owns=io+mem,locks=none
[    0.296014] pci 0000:00:02.0: vgaarb: bridge control possible
[    0.297283] vgaarb: loaded
[    0.297947] ACPI: bus type USB registered
[    0.298945] usbcore: registered new interface driver usbfs
[    0.300012] usbcore: registered new interface driver hub
[    0.301242] usbcore: registered new device driver usb
[    0.302420] EDAC MC: Ver: 3.0.0
[    0.304325] PCI: Using ACPI for IRQ routing
[    0.305508] NetLabel: Initializing
[    0.306291] NetLabel:  domain hash size = 128
[    0.307304] NetLabel:  protocols = UNLABELED CIPSOv4 CALIPSO
[    0.308022] NetLabel:  unlabeled traffic allowed by default
[    0.312119] clocksource: Switched to clocksource kvm-clock
[    0.326549] VFS: Disk quotas dquot_6.6.0
[    0.327490] VFS: Dquot-cache hash table entries: 512 (order 0, 4096 bytes)
[    0.329051] AppArmor: AppArmor Filesystem Enabled
[    0.330091] pnp: PnP ACPI init
[    0.332230] pnp: PnP ACPI: found 3 devices
[    0.345911] clocksource: acpi_pm: mask: 0xffffff max_cycles: 0xffffff, max_idle_ns: 2085701024 ns
[    0.348206] NET: Registered protocol family 2
[    0.350118] TCP established hash table entries: 8192 (order: 4, 65536 bytes)
[    0.351829] TCP bind hash table entries: 8192 (order: 5, 131072 bytes)
[    0.354815] TCP: Hash tables configured (established 8192 bind 8192)
[    0.356800] UDP hash table entries: 512 (order: 2, 16384 bytes)
[    0.358063] UDP-Lite hash table entries: 512 (order: 2, 16384 bytes)
[    0.359421] NET: Registered protocol family 1
[    0.360432] pci 0000:00:00.0: Limiting direct PCI/PCI transfers
[    0.361732] pci 0000:00:01.0: Activating ISA DMA hang workarounds
[    0.363698] pci 0000:00:02.0: Video device with shadowed ROM at [mem 0x000c0000-0x000dffff]
[    0.365608] Unpacking initramfs...
[    0.638605] Freeing initrd memory: 19196K
[    0.641598] clocksource: tsc: mask: 0xffffffffffffffff max_cycles: 0x212733415c7, max_idle_ns: 440795236380 ns
[    0.644611] platform rtc_cmos: registered platform RTC device (no PNP device found)
[    0.646221] Scanning for low memory corruption every 60 seconds
[    0.648406] Initialise system trusted keyrings
[    0.649414] Key type blacklist registered
[    0.651031] workingset: timestamp_bits=36 max_order=18 bucket_order=0
[    0.653550] zbud: loaded
[    0.654671] squashfs: version 4.0 (2009/01/31) Phillip Lougher
[    0.656279] fuse init (API version 7.26)
[    0.661315] Key type asymmetric registered
[    0.662562] Asymmetric key parser 'x509' registered
[    0.663781] Block layer SCSI generic (bsg) driver version 0.4 loaded (major 246)
[    0.665595] io scheduler noop registered
[    0.666479] io scheduler deadline registered
[    0.667413] io scheduler cfq registered (default)
[    0.669109] ACPI: AC Adapter [AC] (on-line)
[    0.670114] input: Power Button as /devices/LNXSYSTM:00/LNXPWRBN:00/input/input0
[    0.671995] ACPI: Power Button [PWRF]
[    0.673008] input: Sleep Button as /devices/LNXSYSTM:00/LNXSLPBN:00/input/input1
[    0.674563] ACPI: Sleep Button [SLPF]
[    0.676994] ACPI: Battery Slot [BAT0] (battery present)
[    0.678370] Serial: 8250/16550 driver, 32 ports, IRQ sharing enabled
 	
 !"#$%&'()*+,-./0123456789:;<=>?@ABCDEFGHIJKLMNOPQRSTUVWXYZ[\]^_`abcdefghijklmnopqrstuvwxyz{|}~€‚ƒ„…†‡ˆ‰Š‹ŒŽ‘’“”•–—˜™š›œžŸ ¡¢£¤¥¦§¨©ª«¬­®¯°±²³´µ¶·¸¹º»¼½¾¿ÀÁÂÃÄÅÆÇÈÉÊËÌÍÎÏÐÑÒÓÔÕÖ×ØÙÚÛÜÝÞßàáâãäåæçèéêëìíîïðñòóôõö÷øùúûüýþÿ[    0.703225] 00:02: ttyS0 at I/O 0x3f8 (irq = 4, base_baud = 115200) is a 16550A
[    0.711988] Linux agpgart interface v0.103
[    0.716670] loop: module loaded
[    0.718604] scsi host0: ata_piix
[    0.720418] scsi host1: ata_piix
[    0.721221] ata1: PATA max UDMA/33 cmd 0x1f0 ctl 0x3f6 bmdma 0xd000 irq 14
[    0.722685] ata2: PATA max UDMA/33 cmd 0x170 ctl 0x376 bmdma 0xd008 irq 15
[    0.724261] libphy: Fixed MDIO Bus: probed
[    0.725298] tun: Universal TUN/TAP device driver, 1.6
[    0.726542] PPP generic driver version 2.4.2
[    0.727743] ehci_hcd: USB 2.0 'Enhanced' Host Controller (EHCI) Driver
[    0.729211] ehci-pci: EHCI PCI platform driver
[    0.730178] ehci-platform: EHCI generic platform driver
[    0.731303] ohci_hcd: USB 1.1 'Open' Host Controller (OHCI) Driver
[    0.732705] ohci-pci: OHCI PCI platform driver
[    0.733833] ohci-platform: OHCI generic platform driver
[    0.734942] uhci_hcd: USB Universal Host Controller Interface driver
[    0.736369] i8042: PNP: PS/2 Controller [PNP0303:PS2K,PNP0f03:PS2M] at 0x60,0x64 irq 1,12
[    0.738553] serio: i8042 KBD port at 0x60,0x64 irq 1
[    0.739654] serio: i8042 AUX port at 0x60,0x64 irq 12
[    0.741040] mousedev: PS/2 mouse device common for all mice
[    0.743175] input: AT Translated Set 2 keyboard as /devices/platform/i8042/serio0/input/input2
[    0.746223] rtc_cmos rtc_cmos: rtc core: registered rtc_cmos as rtc0
[    0.748730] rtc_cmos rtc_cmos: alarms up to one day, 114 bytes nvram
[    0.751551] i2c /dev entries driver
[    0.752992] device-mapper: uevent: version 1.0.3
[    0.755166] device-mapper: ioctl: 4.37.0-ioctl (2017-09-20) initialised: dm-devel@redhat.com
[    0.757151] ledtrig-cpu: registered to indicate activity on CPUs
[    0.759048] NET: Registered protocol family 10
[    0.764746] Segment Routing with IPv6
[    0.765792] NET: Registered protocol family 17
[    0.767815] Key type dns_resolver registered
[    0.769259] mce: Using 0 MCE banks
[    0.770064] RAS: Correctable Errors collector initialized.
[    0.771290] sched_clock: Marking stable (769228555, 0)->(939026107, -169797552)
[    0.774046] registered taskstats version 1
[    0.775002] Loading compiled-in X.509 certificates
[    0.779366] Loaded X.509 cert 'Build time autogenerated kernel key: f4f7241365689b0cbe3898188e65e316fd8f978d'
[    0.781739] zswap: loaded using pool lzo/zbud
[    0.787401] Key type big_key registered
[    0.788333] Key type trusted registered
[    0.791126] Key type encrypted registered
[    0.792074] AppArmor: AppArmor sha1 policy hashing enabled
[    0.793279] ima: No TPM chip found, activating TPM-bypass! (rc=-19)
[    0.794574] ima: Allocated hash algorithm: sha1
[    0.795567] evm: HMAC attrs: 0x1
[    0.796608]   Magic number: 15:807:171
[    0.797560] rtc_cmos rtc_cmos: setting system clock to 2019-12-16 09:10:53 UTC (1576487453)
[    0.799810] BIOS EDD facility v0.16 2004-Jun-25, 0 devices found
[    0.801379] EDD information not available.
[    0.889499] Freeing unused kernel image memory: 2428K
[    0.912009] Write protecting the kernel read-only data: 20480k
[    0.915673] Freeing unused kernel image memory: 2008K
[    0.917923] Freeing unused kernel image memory: 1880K
[    0.925540] x86/mm: Checked W+X mappings: passed, no W+X pages found.
[    0.926994] x86/mm: Checking user space page tables
[    0.933407] x86/mm: Checked W+X mappings: passed, no W+X pages found.
Loading, please wait...
starting version 237
[    1.010902] Fusion MPT base driver 3.04.20
[    1.012401] Copyright (c) 1999-2008 LSI Corporation
[    1.021578] e1000: Intel(R) PRO/1000 Network Driver - version 7.3.21-k8-NAPI
[    1.023756] e1000: Copyright (c) 1999-2006 Intel Corporation.
[    1.033876] Fusion MPT SPI Host driver 3.04.20
[    1.038539] AVX2 version of gcm_enc/dec engaged.
[    1.039598] AES CTR mode by8 optimization enabled
[    1.223425] input: ImExPS/2 Generic Explorer Mouse as /devices/platform/i8042/serio1/input/input4
[    1.491985] e1000 0000:00:03.0 eth0: (PCI:33MHz:32-bit) 02:98:c1:50:7a:e3
[    1.493587] e1000 0000:00:03.0 eth0: Intel(R) PRO/1000 Network Connection
[    1.496173] mptbase: ioc0: Initiating bringup
[    1.497888] e1000 0000:00:03.0 enp0s3: renamed from eth0
[    1.592462] ioc0: LSI53C1030 A0: Capabilities={Initiator}
[    1.836900] scsi host2: ioc0: LSI53C1030 A0, FwRev=00000000h, Ports=1, MaxQ=256, IRQ=20
[    2.005133] scsi 2:0:0:0: Direct-Access     VBOX     HARDDISK         1.0  PQ: 0 ANSI: 5
[    2.396127] scsi target2:0:0: Beginning Domain Validation
[    2.401201] scsi target2:0:0: Domain Validation skipping write tests
[    2.403937] scsi target2:0:0: Ending Domain Validation
[    2.406357] scsi target2:0:0: asynchronous
[    2.408939] scsi 2:0:1:0: Direct-Access     VBOX     HARDDISK         1.0  PQ: 0 ANSI: 5
[    2.722723] scsi target2:0:1: Beginning Domain Validation
[    2.726844] random: fast init done
[    2.728291] scsi target2:0:1: Domain Validation skipping write tests
[    2.729873] scsi target2:0:1: Ending Domain Validation
[    2.731227] scsi target2:0:1: asynchronous
[    2.739782] random: systemd-udevd: uninitialized urandom read (16 bytes read)
[    2.741553] random: systemd-udevd: uninitialized urandom read (16 bytes read)
[    2.744061] random: systemd-udevd: uninitialized urandom read (16 bytes read)
[    2.747050] sd 2:0:0:0: Attached scsi generic sg0 type 0
[    2.748878] sd 2:0:0:0: [sda] 20971520 512-byte logical blocks: (10.7 GB/10.0 GiB)
[    2.748915] sd 2:0:1:0: Attached scsi generic sg1 type 0
[    2.754697] sd 2:0:0:0: [sda] Write Protect is off
[    2.756146] sd 2:0:1:0: [sdb] 20480 512-byte logical blocks: (10.5 MB/10.0 MiB)
[    2.757929] sd 2:0:1:0: [sdb] Write Protect is off
[    2.759017] sd 2:0:0:0: [sda] Incomplete mode parameter data
[    2.760327] sd 2:0:0:0: [sda] Assuming drive cache: write through
[    2.761835] sd 2:0:1:0: [sdb] Incomplete mode parameter data
[    2.763404] sd 2:0:1:0: [sdb] Assuming drive cache: write through
[    2.775613]  sda: sda1
[    2.780442] sd 2:0:1:0: [sdb] Attached SCSI disk
[    2.783096] sd 2:0:0:0: [sda] Attached SCSI disk
Begin: Loading essential drivers ... [    4.272055] raid6: sse2x1   gen()  9929 MB/s
[    4.320223] raid6: sse2x1   xor()  6979 MB/s
[    4.368310] raid6: sse2x2   gen() 11335 MB/s
[    4.416048] raid6: sse2x2   xor()  7993 MB/s
[    4.464059] raid6: sse2x4   gen() 13389 MB/s
[    4.512166] raid6: sse2x4   xor()  8085 MB/s
[    4.560033] raid6: avx2x1   gen() 17730 MB/s
[    4.608159] raid6: avx2x1   xor()  8344 MB/s
[    4.656137] raid6: avx2x2   gen() 10346 MB/s
[    4.704258] raid6: avx2x2   xor() 12060 MB/s
[    4.752071] raid6: avx2x4   gen() 21917 MB/s
[    4.800023] raid6: avx2x4   xor() 15088 MB/s
[    4.801135] raid6: using algorithm avx2x4 gen() 21917 MB/s
[    4.802466] raid6: .... xor() 15088 MB/s, rmw enabled
[    4.803921] raid6: using avx2x2 recovery algorithm
[    4.806380] xor: automatically using best checksumming function   avx       
[    4.809190] async_tx: api initialized (async)
done.
Begin: Running /scripts/init-premount ... done.
Begin: Mounting root file system ... Begin: Running /scripts/local-top ... done.
Begin: Running /scripts/local-premount ... [    4.855611] Btrfs loaded, crc32c=crc32c-intel
Scanning for Btrfs filesystems
done.
Warning: fsck not present, so skipping root file system
[    4.908499] EXT4-fs (sda1): mounted filesystem with ordered data mode. Opts: (null)
done.
Begin: Running /scripts/local-bottom ... done.
Begin: Running /scripts/init-bottom ... done.
[    5.192251] ip_tables: (C) 2000-2006 Netfilter Core Team
[    5.208371] systemd[1]: systemd 237 running in system mode. (+PAM +AUDIT +SELINUX +IMA +APPARMOR +SMACK +SYSVINIT +UTMP +LIBCRYPTSETUP +GCRYPT +GNUTLS +ACL +XZ +LZ4 +SECCOMP +BLKID +ELFUTILS +KMOD -IDN2 +IDN -PCRE2 default-hierarchy=hybrid)
[    5.213265] systemd[1]: Detected virtualization oracle.
[    5.214401] systemd[1]: Detected architecture x86-64.

Welcome to [1mUbuntu 18.04.3 LTS[0m!

[    5.237596] systemd[1]: Set hostname to <ubuntu>.
[    5.249233] systemd[1]: Initializing machine ID from random generator.
[    5.251522] systemd[1]: Installed transient /etc/machine-id file.
[    5.664517] systemd[1]: Created slice User and Session Slice.
[[0;32m  OK  [0m] Created slice User and Session Slice.
[    5.667209] systemd[1]: Set up automount Arbitrary Executable File Formats File System Automount Point.
[[0;32m  OK  [0m] Set up automount Arbitrary Executabâ€¦rmats File System Automount Point.
[    5.671504] systemd[1]: Created slice System Slice.
[[0;32m  OK  [0m] Created slice System Slice.
[    5.673775] systemd[1]: Listening on Journal Socket.
[[0;32m  OK  [0m] Listening on Journal Socket.
         Starting Load Kernel Modules...
         Starting Uncomplicated firewall...
         Mounting Huge Pages File System...
         Starting Remount Root and Kernel File Systems...
[[0;32m  OK  [0m] Listening on Journal Audit Socket.
         Starting Set the console keyboard layout...
[[0;32m  OK  [0m] Listening on Journal Socket (/dev/log).
[[0;32m  OK  [0m] Listening on udev Control Socket.
         Starting Create list of required stâ€¦ce nodes for the current kernel...
[[0;32m  OK  [0m] Listening on /dev/initctl Compatibility Named Pipe.
         Mounting Kernel Debug File System...
[[0;32m  OK  [0m] Listening on Device-mapper event daemon FIFOs.
[[0;32m  OK  [0m] Listening on Syslog Socket.
[[0;32m  OK  [0m] Started Forward Password Requests to Wall Directory Watch.
[[0;32m  OK  [0m] Listening on udev Kernel Socket.
         Starting udev Coldplug all Devices...
[[0;32m  OK  [0m] Listening on LVM2 metadata daemon socket.
[[0;32m  OK  [0m] Reached target User and Group Name Lookups.
[[0;32m  OK  [0m] Created slice system-serial\x2dgetty.slice.
[[0;32m  OK  [0m] Listening on LVM2 poll daemon socket.
[    5.747271] Loading iSCSI transport class v2.0-870.
[[0;32m  OK  [0m] Reached target System Time Synchronized.
[    5.754236] EXT4-fs (sda1): re-mounted. Opts: (null)
         Mounting POSIX Message Queue File System...
[[0;32m  OK  [0m] Reached target Swap.
[[0;32m  OK  [0m] Reached target Slices.
         Starting Monitoring of LVM2 mirrorsâ€¦ng dmeventd or progress polling...
[[0;32m  OK  [0m] Listening on Network Service Netlink Socket.
         Starting Journal Service...
[[0;32m  OK  [0m] Started Uncomplicated firewall.
[[0;32m  OK  [0m] Mounted Huge Pages File System.
[[0;32m  OK  [0m] Started Remount Root and Kernel File Systems.
[[0;32m  OK  [0m] Started Create list of required staâ€¦vice nodes for the current kernel.
[[0;32m  OK  [0m] Mounted Kernel Debug File System.
[[0;32m  OK  [0m] Mounted POSIX Message Queue File System.
         Starting Create Static Device Nodes in /dev...
[    5.854351] iscsi: registered transport (tcp)
         Starting Load/Save Random Seed...
[[0;32m  OK  [0m] Started LVM2 metadata daemon.
[[0;32m  OK  [0m] Started udev Coldplug all Devices.
[[0;32m  OK  [0m] Started Create Static Device Nodes in /dev.
         Starting udev Kernel Device Manager...
[[0;32m  OK  [0m] Started Load/Save Random Seed.
[[0;32m  OK  [0m] Started Journal Service.
         Starting Flush Journal to Persistent Storage...
[    5.985111] iscsi: registered transport (iser)
[[0;32m  OK  [0m] Started Load Kernel Modules.
         Starting Apply Kernel Variables...
         Mounting FUSE Control File System...
         Mounting Kernel Configuration File System...
[[0;32m  OK  [0m] Mounted FUSE Control File System.
[[0;32m  OK  [0m] Mounted Kernel Configuration File System.
[    6.051729] systemd-journald[397]: Received request to flush runtime journal from PID 1
[[0;32m  OK  [0m] Started Monitoring of LVM2 mirrors,â€¦sing dmeventd or progress polling.
[[0;32m  OK  [0m] Started udev Kernel Device Manager.
[[0;32m  OK  [0m] Started Apply Kernel Variables.
[[0;32m  OK  [0m] Started Flush Journal to Persistent Storage.
[[0;32m  OK  [0m] Found device /dev/ttyS0.
[[0;32m  OK  [0m] Listening on Load/Save RF Kill Switch Status /dev/rfkill Watch.
[[0;32m  OK  [0m] Started Set the console keyboard layout.
[[0;32m  OK  [0m] Started Dispatch Password Requests to Console Directory Watch.
[[0;32m  OK  [0m] Reached target Local Encrypted Volumes.
[[0;32m  OK  [0m] Reached target Local File Systems (Pre).
[[0;32m  OK  [0m] Reached target Local File Systems.
         Starting AppArmor initialization...
         Starting Commit a transient machine-id on disk...
         Starting Tell Plymouth To Write Out Runtime Data...
         Starting Create Volatile Files and Directories...
         Starting ebtables ruleset management...
         Starting Set console font and keymap...
[[0;32m  OK  [0m] Started Tell Plymouth To Write Out Runtime Data.
[[0;32m  OK  [0m] Started Set console font and keymap.
[[0;32m  OK  [0m] Started Create Volatile Files and Directories.
         Starting Update UTMP about System Boot/Shutdown...
[[0;32m  OK  [0m] Started Commit a transient machine-id on disk.
[[0;32m  OK  [0m] Started Update UTMP about System Boot/Shutdown.
[[0;32m  OK  [0m] Started ebtables ruleset management.
[[0;32m  OK  [0m] Started AppArmor initialization.
         Starting Initial cloud-init job (pre-networking)...
[    9.662916] cloud-init[641]: Cloud-init v. 19.2-36-g059d049c-0ubuntu2~18.04.1 running 'init-local' at Mon, 16 Dec 2019 09:11:01 +0000. Up 9.28 seconds.
[[0;32m  OK  [0m] Started Initial cloud-init job (pre-networking).
[[0;32m  OK  [0m] Reached target Network (Pre).
         Starting Network Service...
[[0;32m  OK  [0m] Started Network Service.
         Starting Wait for Network to be Configured...
         Starting Network Name Resolution...
[[0;32m  OK  [0m] Started Network Name Resolution.
[[0;32m  OK  [0m] Reached target Host and Network Name Lookups.
[[0;32m  OK  [0m] Reached target Network.
[[0;32m  OK  [0m] Started Wait for Network to be Configured.
         Starting Initial cloud-init job (metadata service crawler)...
[   12.431144] cloud-init[755]: Cloud-init v. 19.2-36-g059d049c-0ubuntu2~18.04.1 running 'init' at Mon, 16 Dec 2019 09:11:04 +0000. Up 12.13 seconds.
[   12.434420] cloud-init[755]: ci-info: ++++++++++++++++++++++++++++++++++++++Net device info++++++++++++++++++++++++++++++++++++++
[   12.448672] cloud-init[755]: ci-info: +--------+------+----------------------------+---------------+--------+-------------------+
[   12.470683] cloud-init[755]: ci-info: | Device |  Up  |          Address           |      Mask     | Scope  |     Hw-Address    |
[   12.474506] cloud-init[755]: ci-info: +--------+------+----------------------------+---------------+--------+-------------------+
[   12.478685] cloud-init[755]: ci-info: | enp0s3 | True |         10.0.2.15          | 255.255.255.0 | global | 02:98:c1:50:7a:e3 |
[   12.482608] cloud-init[755]: ci-info: | enp0s3 | True | fe80::98:c1ff:fe50:7ae3/64 |       .       |  link  | 02:98:c1:50:7a:e3 |
[   12.486444] cloud-init[755]: ci-info: |   lo   | True |         127.0.0.1          |   255.0.0.0   |  host  |         .         |
[   12.500516] cloud-init[755]: ci-info: |   lo   | True |          ::1/128           |       .       |  host  |         .         |
[   12.504599] cloud-init[755]: ci-info: +--------+------+----------------------------+---------------+--------+-------------------+
[   12.508410] cloud-init[755]: ci-info: ++++++++++++++++++++++++++++Route IPv4 info+++++++++++++++++++++++++++++
[   12.512002] cloud-init[755]: ci-info: +-------+-------------+----------+-----------------+-----------+-------+
[   12.515781] cloud-init[755]: ci-info: | Route | Destination | Gateway  |     Genmask     | Interface | Flags |
[   12.528947] cloud-init[755]: ci-info: +-------+-------------+----------+-----------------+-----------+-------+
[   12.533514] cloud-init[755]: ci-info: |   0   |   0.0.0.0   | 10.0.2.2 |     0.0.0.0     |   enp0s3  |   UG  |
[   12.537281] cloud-init[755]: ci-info: |   1   |   10.0.2.0  | 0.0.0.0  |  255.255.255.0  |   enp0s3  |   U   |
[   12.540420] cloud-init[755]: ci-info: |   2   |   10.0.2.2  | 0.0.0.0  | 255.255.255.255 |   enp0s3  |   UH  |
[   12.544250] cloud-init[755]: ci-info: +-------+-------------+----------+-----------------+-----------+-------+
[   12.547771] cloud-init[755]: ci-info: +++++++++++++++++++Route IPv6 info+++++++++++++++++++
[   12.550624] cloud-init[755]: ci-info: +-------+-------------+---------+-----------+-------+
[   12.553768] cloud-init[755]: ci-info: | Route | Destination | Gateway | Interface | Flags |
[   12.556813] cloud-init[755]: ci-info: +-------+-------------+---------+-----------+-------+
[   12.559694] cloud-init[755]: ci-info: |   1   |  fe80::/64  |    ::   |   enp0s3  |   U   |
[   12.563226] cloud-init[755]: ci-info: |   3   |    local    |    ::   |   enp0s3  |   U   |
[   12.576332] cloud-init[755]: ci-info: |   4   |   ff00::/8  |    ::   |   enp0s3  |   U   |
[   12.579393] cloud-init[755]: ci-info: +-------+-------------+---------+-----------+-------+
[   13.951729] cloud-init[755]: Generating public/private rsa key pair.
[   13.953805] cloud-init[755]: Your identification has been saved in /etc/ssh/ssh_host_rsa_key.
[   13.956517] cloud-init[755]: Your public key has been saved in /etc/ssh/ssh_host_rsa_key.pub.
[   13.959054] cloud-init[755]: The key fingerprint is:
[   13.961003] cloud-init[755]: SHA256:gCd405i0i/Rzb4pBHNCHzfeThnVSOO9pQrFQOpn+QeI root@ubuntu-bionic
[   13.965984] cloud-init[755]: The key's randomart image is:
[   13.971028] cloud-init[755]: +---[RSA 2048]----+
[   13.980883] cloud-init[755]: |  ...+   ..o.    |
[   13.983099] cloud-init[755]: |   +o*+ o+* .    |
[   13.987193] cloud-init[755]: |  o X.+.*=.O     |
[   13.990655] cloud-init[755]: | . = * +.+B .    |
[   13.992838] cloud-init[755]: |  . * . Eo.o .   |
[   13.995223] cloud-init[755]: |   . o . ...+    |
[   13.997781] cloud-init[755]: |    .   o .o     |
[   14.001320] cloud-init[755]: |     o o         |
[   14.004309] cloud-init[755]: |    . .          |
[   14.006667] cloud-init[755]: +----[SHA256]-----+
[   14.008422] cloud-init[755]: Generating public/private dsa key pair.
[   14.012945] cloud-init[755]: Your identification has been saved in /etc/ssh/ssh_host_dsa_key.
[   14.020649] cloud-init[755]: Your public key has been saved in /etc/ssh/ssh_host_dsa_key.pub.
[   14.028856] cloud-init[755]: The key fingerprint is:
[   14.032455] cloud-init[755]: SHA256:FkAxrQD0lY/jSkiy+Vxn4Fv+qTz0aDKNzsboyv6+y38 root@ubuntu-bionic
[   14.040193] cloud-init[755]: The key's randomart image is:
[   14.044155] cloud-init[755]: +---[DSA 1024]----+
[   14.046677] cloud-init[755]: | .o. .*+         |
[   14.051345] cloud-init[755]: |   ....o.        |
[   14.055388] cloud-init[755]: |    .. +.        |
[   14.058942] cloud-init[755]: |. . . + ..       |
[   14.062941] cloud-init[755]: | = o o .S        |
[   14.067908] cloud-init[755]: |o . + *.         |
[   14.073004] cloud-init[755]: | o = @ o         |
[   14.077983] cloud-init[755]: |. =.O.*E..       |
[   14.082175] cloud-init[755]: |o=+O*=++o        |
[   14.087104] cloud-init[755]: +----[SHA256]-----+
[   14.091786] cloud-init[755]: Generating public/private ecdsa key pair.
[   14.093665] cloud-init[755]: Your identification has been saved in /etc/ssh/ssh_host_ecdsa_key.
[   14.095944] cloud-init[755]: Your public key has been saved in /etc/ssh/ssh_host_ecdsa_key.pub.
[   14.098004] cloud-init[755]: The key fingerprint is:
[   14.099403] cloud-init[755]: SHA256:5DBTGGnGpFFZnTeXQDYTsjpKT+romMc1bPKx4G3rS2c root@ubuntu-bionic
[   14.101221] cloud-init[755]: The key's randomart image is:
[   14.103462] cloud-init[755]: +---[ECDSA 256]---+
[   14.105149] cloud-init[755]: |    .++*o..oBo . |
[   14.106600] cloud-init[755]: |     oB.  o+ooo  |
[   14.108380] cloud-init[755]: |    .o+ . .. o   |
[   14.109983] cloud-init[755]: |       * .       |
[   14.111325] cloud-init[755]: |     .. S        |
[   14.112793] cloud-init[755]: |    o.*= .       |
[   14.114530] cloud-init[755]: |   o B++E        |
[   14.120666] cloud-init[755]: |   o++=o         |
[   14.123404] cloud-init[755]: |  oooo=o         |
[   14.125428] cloud-init[755]: +----[SHA256]-----+
[   14.127707] cloud-init[755]: Generating public/private ed25519 key pair.
[   14.140713] cloud-init[755]: Your identification has been saved in /etc/ssh/ssh_host_ed25519_key.
[   14.142524] cloud-init[755]: Your public key has been saved in /etc/ssh/ssh_host_ed25519_key.pub.
[   14.144834] cloud-init[755]: The key fingerprint is:
[   14.146351] cloud-init[755]: SHA256:bBfwx3+gUPRD3d6lM49v15Zm7aXaBQwm4jj0QT/zmjM root@ubuntu-bionic
[   14.149203] cloud-init[755]: The key's randomart image is:
[   14.150973] cloud-init[755]: +--[ED25519 256]--+
[   14.152747] cloud-init[755]: |        o  .o ...|
[   14.164535] cloud-init[755]: |       . + o o  +|
[   14.176928] cloud-init[755]: |      . o O = +oo|
[   14.188349] cloud-init[755]: |     . = o X =+oo|
[   14.189899] cloud-init[755]: |      o S . o +=.|
[   14.191481] cloud-init[755]: |       o . o  .o.|
[   14.204343] cloud-init[755]: |          E    .*|
[   14.217069] cloud-init[755]: |           o . *O|
[   14.219440] cloud-init[755]: |            ..=+o|
[   14.233002] cloud-init[755]: +----[SHA256]-----+
[[0;32m  OK  [0m] Started Initial cloud-init job (metadata service crawler).
[[0;32m  OK  [0m] Reached target Network is Online.
         Starting Availability of block devices...
[[0;32m  OK  [0m] Reached target Remote File Systems (Pre).
[[0;32m  OK  [0m] Reached target Remote File Systems.
[[0;32m  OK  [0m] Reached target System Initialization.
[[0;32m  OK  [0m] Started Daily Cleanup of Temporary Directories.
[[0;32m  OK  [0m] Listening on UUID daemon activation socket.
[[0;32m  OK  [0m] Started Discard unused blocks once a week.
         Starting Socket activation for snappy daemon.
[[0;32m  OK  [0m] Started ACPI Events Check.
[[0;32m  OK  [0m] Listening on ACPID Listen Socket.
[[0;32m  OK  [0m] Started Daily apt download activities.
[[0;32m  OK  [0m] Started Daily apt upgrade and clean activities.
         Starting LXD - unix socket.
[[0;32m  OK  [0m] Listening on D-Bus System Message Bus Socket.
[[0;32m  OK  [0m] Listening on Open-iSCSI iscsid Socket.
[[0;32m  OK  [0m] Started Message of the Day.
[[0;32m  OK  [0m] Reached target Timers.
[[0;32m  OK  [0m] Reached target Paths.
[[0;32m  OK  [0m] Reached target Cloud-config availability.
[[0;32m  OK  [0m] Started Availability of block devices.
[[0;32m  OK  [0m] Listening on Socket activation for snappy daemon.
[[0;32m  OK  [0m] Listening on LXD - unix socket.
[[0;32m  OK  [0m] Reached target Sockets.
[[0;32m  OK  [0m] Reached target Basic System.
         Starting LXD - container startup/shutdown...
         Starting Permit User Sessions...
         Starting Virtualbox guest utils...
         Starting System Logging Service...
         Starting LSB: Record successful boot for GRUB...
         Starting Accounts Service...
[[0;32m  OK  [0m] Started Deferred execution scheduler.
         Starting Login Service...
[[0;32m  OK  [0m] Started Regular background program processing daemon.
[[0;32m  OK  [0m] Started D-Bus System Message Bus.
[[0;32m  OK  [0m] Started Login Service.
[[0;32m  OK  [0m] Started Unattended Upgrades Shutdown.
[[0;32m  OK  [0m] Started FUSE filesystem for LXC.
         Starting LSB: automatic crash report generation...
         Starting Pollinate to seed the pseudo random number generator...
[[0;32m  OK  [0m] Started irqbalance daemon.
         Starting Dispatcher daemon for systemd-networkd...
         Starting Snappy daemon...
[[0;32m  OK  [0m] Started System Logging Service.
[[0;32m  OK  [0m] Started Permit User Sessions.
         Starting Authorization Manager...
         Starting Hold until boot process finishes up...
         Starting Terminate Plymouth Boot Screen...
[[0;32m  OK  [0m] Started Hold until boot process finishes up.
         Starting Set console scheme...
[[0;32m  OK  [0m] Started Serial Getty on ttyS0.
[[0;32m  OK  [0m] Started Terminate Plymouth Boot Screen.
[[0;32m  OK  [0m] Started Set console scheme.
[[0;32m  OK  [0m] Created slice system-getty.slice.
[[0;32m  OK  [0m] Started Getty on tty1.
[[0;32m  OK  [0m] Reached target Login Prompts.
[[0;32m  OK  [0m] Started LSB: automatic crash report generation.
[[0;32m  OK  [0m] Started LXD - container startup/shutdown.
[[0;32m  OK  [0m] Started LSB: Record successful boot for GRUB.
[[0;32m  OK  [0m] Started Virtualbox guest utils.
[[0;32m  OK  [0m] Started Authorization Manager.
[[0;32m  OK  [0m] Started Accounts Service.
[[0;32m  OK  [0m] Started Dispatcher daemon for systemd-networkd.
[[0;32m  OK  [0m] Started Snappy daemon.
         Starting Wait until snapd is fully seeded...
[[0;32m  OK  [0m] Started Pollinate to seed the pseudo random number generator.
         Starting OpenBSD Secure Shell server...
[[0;32m  OK  [0m] Started OpenBSD Secure Shell server.
[[0;32m  OK  [0m] Created slice User Slice of vagrant.
         Starting User Manager for UID 1000...
[[0;32m  OK  [0m] Started Session 1 of user vagrant.
[[0;32m  OK  [0m] Started User Manager for UID 1000.
[[0;32m  OK  [0m] Started Wait until snapd is fully seeded.
         Starting Apply the settings specified in cloud-config...
[[0;32m  OK  [0m] Reached target Multi-User System.
[[0;32m  OK  [0m] Reached target Graphical Interface.
         Starting Update UTMP about System Runlevel Changes...
[[0;32m  OK  [0m] Started Update UTMP about System Runlevel Changes.
[   20.509584] cloud-init[1364]: Cloud-init v. 19.2-36-g059d049c-0ubuntu2~18.04.1 running 'modules:config' at Mon, 16 Dec 2019 09:11:12 +0000. Up 19.92 seconds.

Ubuntu 18.04.3 LTS ubuntu-bionic ttyS0

ubuntu-bionic login: ci-info: no authorized ssh keys fingerprints found for user ubuntu.
<14>Dec 16 09:11:14 ec2: 
<14>Dec 16 09:11:14 ec2: #############################################################
<14>Dec 16 09:11:14 ec2: -----BEGIN SSH HOST KEY FINGERPRINTS-----
<14>Dec 16 09:11:14 ec2: 1024 SHA256:FkAxrQD0lY/jSkiy+Vxn4Fv+qTz0aDKNzsboyv6+y38 root@ubuntu-bionic (DSA)
<14>Dec 16 09:11:14 ec2: 256 SHA256:5DBTGGnGpFFZnTeXQDYTsjpKT+romMc1bPKx4G3rS2c root@ubuntu-bionic (ECDSA)
<14>Dec 16 09:11:14 ec2: 256 SHA256:bBfwx3+gUPRD3d6lM49v15Zm7aXaBQwm4jj0QT/zmjM root@ubuntu-bionic (ED25519)
<14>Dec 16 09:11:14 ec2: 2048 SHA256:gCd405i0i/Rzb4pBHNCHzfeThnVSOO9pQrFQOpn+QeI root@ubuntu-bionic (RSA)
<14>Dec 16 09:11:14 ec2: -----END SSH HOST KEY FINGERPRINTS-----
<14>Dec 16 09:11:14 ec2: #############################################################
-----BEGIN SSH HOST KEY KEYS-----
ecdsa-sha2-nistp256 AAAAE2VjZHNhLXNoYTItbmlzdHAyNTYAAAAIbmlzdHAyNTYAAABBBJPE95c9rqI8JNoExy7SQ3UVgawYD95MXLuwRVd4EbRm2AzHSVLnQSR49KTXm1HuUdXjbt+DbKHfT/T0pIOY0+Y= root@ubuntu-bionic
ssh-ed25519 AAAAC3NzaC1lZDI1NTE5AAAAICt85TY22eKAHNIgi9ixClObom53inpo8bVYVrUOBFXf root@ubuntu-bionic
ssh-rsa AAAAB3NzaC1yc2EAAAADAQABAAABAQDSuAJWsZ+ztkuDfsSLZa4aJ9a3RADppOouFB5ifTPX86iYpJBfr4wh0/OoWKs2AJja7nme+Yf3i2ic0x2V/7wEAYwvHM6ojt7N/4dfPQ4AqPlzUbQczK41FFkyVi+XlZ/Qn3X9nHOjhrth2OV2pls7koeT0WIQN9So1DbJ6yNdgicEfI4Q9F404Fr+imSg+uxAWEhxwkqJcyuPOmSo+IJxnIa8Ow9T3upo+16QVgrIiVfGSBTLh1Py2tgkdJquH59IGCGP/UAB9oUkdHa0YfwOMvD4XW6OtaXjf07eIHS6XgMepUePNYaNu1NqNRZd6NLVrDR44BmnKwJSbZ3aeD5V root@ubuntu-bionic
-----END SSH HOST KEY KEYS-----
[   21.617303] cloud-init[1583]: Cloud-init v. 19.2-36-g059d049c-0ubuntu2~18.04.1 running 'modules:final' at Mon, 16 Dec 2019 09:11:14 +0000. Up 21.37 seconds.
[   21.617419] cloud-init[1583]: ci-info: no authorized ssh keys fingerprints found for user ubuntu.
[   21.622594] cloud-init[1583]: Cloud-init v. 19.2-36-g059d049c-0ubuntu2~18.04.1 finished at Mon, 16 Dec 2019 09:11:14 +0000. Datasource DataSourceNoCloud [seed=/dev/sdb][dsmode=net].  Up 21.60 seconds
